[preview.hasthemes.com/ponno/account.html]
[backblue.gif]
[fade.gif]
[index.html]
[preview.hasthemes.com/ponno/img/favicon.ico]
[preview.hasthemes.com/ponno/css/font-awesome.min.css]
[preview.hasthemes.com/ponno/css/animate.css]
[preview.hasthemes.com/ponno/css/themify-icons.css]
[preview.hasthemes.com/ponno/css/stroke-gap.css]
[preview.hasthemes.com/ponno/css/material-design-iconic-font.min.css]
[preview.hasthemes.com/ponno/css/nice-select.css]
[preview.hasthemes.com/ponno/css/jquery.fancybox.css]
[preview.hasthemes.com/ponno/css/jquery-ui.min.css]
[preview.hasthemes.com/ponno/css/meanmenu.min.css]
[preview.hasthemes.com/ponno/css/owl.carousel.min.css]
[preview.hasthemes.com/ponno/css/slick.css]
[preview.hasthemes.com/ponno/css/default.css]
[preview.hasthemes.com/ponno/css/bootstrap.min.css]
[preview.hasthemes.com/ponno/style.css]
[preview.hasthemes.com/ponno/css/responsive.css]
[preview.hasthemes.com/ponno/js/vendor/modernizr-3.5.0.min.js]
[preview.hasthemes.com/ponno/index.html]
[preview.hasthemes.com/ponno/img/logo/logo.png]
[preview.hasthemes.com/ponno/img/products/p1.jpg]
[preview.hasthemes.com/ponno/img/products/p2.jpg]
[preview.hasthemes.com/ponno/product-details.html]
[preview.hasthemes.com/ponno/checkout.html]
[preview.hasthemes.com/ponno/shop.html]
[preview.hasthemes.com/ponno/home-2.html]
[preview.hasthemes.com/ponno/about.html]
[preview.hasthemes.com/ponno/contact.html]
[preview.hasthemes.com/ponno/register.html]
[preview.hasthemes.com/ponno/login.html]
[preview.hasthemes.com/ponno/404.html]
[preview.hasthemes.com/ponno/forgot-password.html]
[preview.hasthemes.com/ponno/blog.html]
[preview.hasthemes.com/ponno/blog-details.html]
[preview.hasthemes.com/ponno/compare.html]
[preview.hasthemes.com/ponno/cart.html]
[preview.hasthemes.com/ponno/wishlist.html]
[preview.hasthemes.com/ponno/img/header/1.jpg]
[preview.hasthemes.com/ponno/img/header/2.jpg]
[preview.hasthemes.com/ponno/img/logo/logo2.png]
[preview.hasthemes.com/ponno/img/support/s1.png]
[preview.hasthemes.com/ponno/img/support/s2.png]
[preview.hasthemes.com/ponno/img/support/s3.png]
[preview.hasthemes.com/ponno/img/products/p5.jpg]
[preview.hasthemes.com/ponno/js/jquery.meanmenu.min.js]
[preview.hasthemes.com/ponno/js/vendor/jquery-3.3.1.min.js]
[preview.hasthemes.com/ponno/js/jquery.scrollUp.js]
[preview.hasthemes.com/ponno/js/jquery.countdown.min.js]
[preview.hasthemes.com/ponno/js/jquery.fancybox.min.js]
[preview.hasthemes.com/ponno/js/jquery.nice-select.min.js]
[preview.hasthemes.com/ponno/js/jquery-ui.min.js]
[preview.hasthemes.com/ponno/js/owl.carousel.min.js]
[preview.hasthemes.com/ponno/js/slick.min.js]
[preview.hasthemes.com/ponno/js/popper.min.js]
[preview.hasthemes.com/ponno/js/bootstrap.min.js]
[preview.hasthemes.com/ponno/js/plugins.js]
[preview.hasthemes.com/ponno/account.html]
[preview.hasthemes.com/ponno/js/main.js]
[preview.hasthemes.com/ponno/fonts/fontawesome-webfont3e6e.eot]
[preview.hasthemes.com/ponno/fonts/fontawesome-webfontd41d.eot]
[preview.hasthemes.com/ponno/fonts/fontawesome-webfont3e6e.woff2]
[preview.hasthemes.com/ponno/fonts/fontawesome-webfont3e6e.woff]
[preview.hasthemes.com/ponno/fonts/fontawesome-webfont3e6e.ttf]
[preview.hasthemes.com/ponno/fonts/fontawesome-webfont3e6e.svg]
[preview.hasthemes.com/ponno/css/font-awesome.min.css]
[preview.hasthemes.com/ponno/css/animate.css]
[preview.hasthemes.com/ponno/fonts/themify9f24.eot]
[preview.hasthemes.com/ponno/fonts/themifyd41d.eot]
[preview.hasthemes.com/ponno/fonts/themify9f24.woff]
[preview.hasthemes.com/ponno/fonts/themify9f24.ttf]
[preview.hasthemes.com/ponno/fonts/themify9f24.svg]
[preview.hasthemes.com/ponno/css/themify-icons.css]
[preview.hasthemes.com/ponno/css/fonts/Stroke-Gap-Icons.eot]
[preview.hasthemes.com/ponno/css/stroke-gap.css]
[preview.hasthemes.com/ponno/fonts/Material-Design-Iconic-Fontd1f1.woff2]
[preview.hasthemes.com/ponno/fonts/Material-Design-Iconic-Fontd1f1.woff]
[preview.hasthemes.com/ponno/css/material-design-iconic-font.min.css]
[preview.hasthemes.com/ponno/css/nice-select.css]
[preview.hasthemes.com/ponno/css/jquery.fancybox.css]
[preview.hasthemes.com/ponno/fonts/Material-Design-Iconic-Fontd1f1.ttf]
[preview.hasthemes.com/ponno/css/images/ui-bg_inset-hard_100_fcfdfd_1x100.png]
[preview.hasthemes.com/ponno/css/images/ui-bg_gloss-wave_55_5c9ccc_500x100.png]
[preview.hasthemes.com/ponno/css/images/ui-bg_glass_85_dfeffc_1x400.png]
[preview.hasthemes.com/ponno/css/images/ui-bg_glass_75_d0e5f5_1x400.png]
[preview.hasthemes.com/ponno/css/images/ui-bg_inset-hard_100_f5f8f9_1x100.png]
[preview.hasthemes.com/ponno/css/images/ui-bg_glass_95_fef1ec_1x400.png]
[preview.hasthemes.com/ponno/css/images/ui-icons_469bdd_256x240.png]
[preview.hasthemes.com/ponno/css/images/ui-icons_d8e7f3_256x240.png]
[preview.hasthemes.com/ponno/css/images/ui-icons_217bc0_256x240.png]
[preview.hasthemes.com/ponno/css/images/ui-icons_f9bd01_256x240.png]
[preview.hasthemes.com/ponno/css/images/ui-icons_2e83ff_256x240.png]
[preview.hasthemes.com/ponno/css/images/ui-icons_cd0a0a_256x240.png]
[preview.hasthemes.com/ponno/css/images/ui-icons_6da8d5_256x240.png]
[preview.hasthemes.com/ponno/css/jquery-ui.min.css]
[preview.hasthemes.com/ponno/css/meanmenu.min.css]
[preview.hasthemes.com/ponno/css/owl.video.play.png]
[preview.hasthemes.com/ponno/css/owl.carousel.min.css]
[preview.hasthemes.com/ponno/css/slick.css]
[preview.hasthemes.com/ponno/css/bootstrap.min.css]
[preview.hasthemes.com/ponno/css/default.css]
[preview.hasthemes.com/ponno/img/slider/s1.jpg]
[preview.hasthemes.com/ponno/img/slider/s2.jpg]
[preview.hasthemes.com/ponno/img/slider/s3.jpg]
[preview.hasthemes.com/ponno/img/banner/b1_1.jpg]
[preview.hasthemes.com/ponno/style.css]
[preview.hasthemes.com/ponno/css/responsive.css]
[preview.hasthemes.com/ponno/img/slider/s1_1.png]
[preview.hasthemes.com/ponno/img/slider/s1_2.png]
[preview.hasthemes.com/ponno/img/banner/b1_2.png]
[preview.hasthemes.com/ponno/img/products/p12.jpg]
[preview.hasthemes.com/ponno/img/products/p11.jpg]
[preview.hasthemes.com/ponno/img/products/p6.jpg]
[preview.hasthemes.com/ponno/img/products/p7.jpg]
[preview.hasthemes.com/ponno/img/products/p3.jpg]
[preview.hasthemes.com/ponno/img/products/p4.jpg]
[preview.hasthemes.com/ponno/img/banner/b2.jpg]
[preview.hasthemes.com/ponno/img/banner/b3.jpg]
[preview.hasthemes.com/ponno/img/products/p8.jpg]
[preview.hasthemes.com/ponno/img/products/p9.jpg]
[preview.hasthemes.com/ponno/img/products/p10.jpg]
[preview.hasthemes.com/ponno/img/products/p13.jpg]
[preview.hasthemes.com/ponno/img/products/p14.jpg]
[preview.hasthemes.com/ponno/img/banner/b4.jpg]
[preview.hasthemes.com/ponno/img/banner/b5.jpg]
[preview.hasthemes.com/ponno/img/banner/b6.jpg]
[preview.hasthemes.com/ponno/img/thumbnail/th2.png]
[preview.hasthemes.com/ponno/img/thumbnail/th3.png]
[preview.hasthemes.com/ponno/img/thumbnail/th4.png]
[preview.hasthemes.com/ponno/img/thumbnail/th5.png]
[preview.hasthemes.com/ponno/img/thumbnail/th1.png]
[preview.hasthemes.com/ponno/index.html]
[preview.hasthemes.com/ponno/product-details.html]
[preview.hasthemes.com/ponno/checkout.html]
[preview.hasthemes.com/ponno/img/banner/b7.jpg]
[preview.hasthemes.com/ponno/img/banner/b8.jpg]
[preview.hasthemes.com/ponno/img/banner/b11.jpg]
[preview.hasthemes.com/ponno/img/banner/b10.jpg]
[preview.hasthemes.com/ponno/img/banner/b9.jpg]
[preview.hasthemes.com/ponno/img/pro-view/1.png]
[preview.hasthemes.com/ponno/img/pro-view/2.png]
[preview.hasthemes.com/ponno/img/pro-view/3.png]
[preview.hasthemes.com/ponno/home-2.html]
[preview.hasthemes.com/ponno/shop.html]
[preview.hasthemes.com/ponno/contact.html]
[preview.hasthemes.com/ponno/img/team/2.jpg]
[preview.hasthemes.com/ponno/img/team/1.jpg]
[preview.hasthemes.com/ponno/img/team/3.jpg]
[preview.hasthemes.com/ponno/img/team/4.jpg]
[preview.hasthemes.com/ponno/img/brand/b1.jpg]
[preview.hasthemes.com/ponno/img/brand/b2.jpg]
[preview.hasthemes.com/ponno/img/brand/b3.jpg]
[preview.hasthemes.com/ponno/img/brand/b4.jpg]
[preview.hasthemes.com/ponno/img/brand/b5.jpg]
[preview.hasthemes.com/ponno/about.html]
[preview.hasthemes.com/ponno/register.html]
[preview.hasthemes.com/ponno/login.html]
[preview.hasthemes.com/ponno/404.html]
[preview.hasthemes.com/ponno/forgot-password.html]
[preview.hasthemes.com/ponno/blog-details.htmll]
[preview.hasthemes.com/ponno/single-elomus-blog.html]
[preview.hasthemes.com/ponno/blog.html]
[preview.hasthemes.com/ponno/img/banner/b12.jpg]
[preview.hasthemes.com/ponno/img/testmonial/t1.png]
[preview.hasthemes.com/ponno/img/testmonial/t2.png]
[preview.hasthemes.com/ponno/img/testmonial/t3.png]
[preview.hasthemes.com/ponno/img/testmonial/t4.png]
[preview.hasthemes.com/ponno/blog-details.html]
[preview.hasthemes.com/ponno/compare.html]
[preview.hasthemes.com/ponno/cart.html]
[preview.hasthemes.com/ponno/wishlist.html]
[preview.hasthemes.com/ponno/css/fonts/Stroke-Gap-Icons.eot]
[preview.hasthemes.com/ponno/css/images/ui-bg_inset-hard_100_fcfdfd_1x100.png]
[preview.hasthemes.com/ponno/css/images/ui-bg_gloss-wave_55_5c9ccc_500x100.png]
[preview.hasthemes.com/ponno/css/images/ui-bg_glass_85_dfeffc_1x400.png]
[preview.hasthemes.com/ponno/css/images/ui-bg_glass_75_d0e5f5_1x400.png]
[preview.hasthemes.com/ponno/css/images/ui-bg_inset-hard_100_f5f8f9_1x100.png]
[preview.hasthemes.com/ponno/css/images/ui-bg_glass_95_fef1ec_1x400.png]
[preview.hasthemes.com/ponno/css/images/ui-icons_469bdd_256x240.png]
[preview.hasthemes.com/ponno/css/images/ui-icons_d8e7f3_256x240.png]
[preview.hasthemes.com/ponno/css/images/ui-icons_217bc0_256x240.png]
[preview.hasthemes.com/ponno/css/images/ui-icons_f9bd01_256x240.png]
[preview.hasthemes.com/ponno/css/images/ui-icons_2e83ff_256x240.png]
[preview.hasthemes.com/ponno/css/images/ui-icons_cd0a0a_256x240.png]
[preview.hasthemes.com/ponno/css/images/ui-icons_6da8d5_256x240.png]
[preview.hasthemes.com/ponno/css/owl.video.play.png]
[preview.hasthemes.com/ponno/blog-details.htmll]
[preview.hasthemes.com/ponno/single-elomus-blog.html]
